10minutemail.com
1337x.to
37signals.com
a-api.anthropic.com
a-cdn.anthropic.com
a-cdn.claude.ai
abook-club.ru
account.proton.me
account.protonmail.com
acme.xnxx.com
admin.hqporner.com
admin.m.hqporner.com
admin.ns1.hqporner.com
admin.ns2.hqporner.com
adultmult.tv
aeza.net
agent.blackbox.ai
ah-xvdev.xnxx.com
akniga.xyz
alignment.anthropic.com
amazonaws.com
amedia.site
anidub.com
anidub.pro
anilibria.tv
anilibria.uno
animaunt.org
anime-portal.su
animebest.org
animedia.tv
animego.org
animespirit.ru
anistar.org
anistars.ru
anthropic.com
api-backend-frontend.n.anthropic.com
api-backend.anthropic.com
api-release-candidate.anthropic.com
api-sg-central.trae.ai
api-staging.anthropic.com
api-test.anthropic.com
api.anthropic.com
api.blackbox.ai
api.claude.ai
api.console.anthropic.com
api.trae.ai
api2.anthropic.com
apola.ru
app.blackbox.ai
appcenter.ms
artifactory.he.anthropic.com
assets.anthropic.com
assets.strpst.com
atlas.anthropic.com
attachments.f95zone.to
auth.beeg.com
autodiscover.blackbox.ai
basecamp.com
bato.to
beast.blackbox.ai
beeg.com
bestchange.net
bestchange.ru
beta-m.hqporner.com
beta.hqporner.com
billing.anthropic.com
bing.com
blackbox.ai
blog.blackbox.ai
booktracker.org
booktracker.work
brand.anthropic.com
cams.xnxx.com
canva.com
cdn.reddxxx.com
cdn.trae.ai
cdn1d-static-shared.phncdn.com
cdn2.reddxxx.com
cdn3.reddxxx.com
cdn4.reddxxx.com
cdn5.reddxxx.com
cdn6.reddxxx.com
cdn7.reddxxx.com
cdn77-pic.xnxx-cdn.com
cdn77-pic.xvideos-cdn.com
changelog.cursor.com
chatgpt.com
chaturbate.com
checkout.xnxx.com
claude.ai
claude.anthropic.com
code.blackbox.ai
console.anthropic.com
console.claude.ai
coomer.su
crunchyroll.com
cursor.com
danbooru.donmai.us
datalore.io
demand.supply
demo.anthropic.com
dns-staging.c.anthropic.com
dns.c.anthropic.com
docs.anthropic.com
docs.blackbox.ai
docs.cursor.com
docs.trae.ai
doramy.club
downloads.cursor.com
e621.net
earlyaccess.anthropic.com
elevenlabs.io
email.blackbox.ai
email.email.anthropic.com
eu.org
evals.anthropic.com
events.anthropic.com
fast-torrent.ru
fast.com
fastporndelivery.hqporner.com
feedback.anthropic.com
ficbook.net
filmitorrent.net
filmix.biz
filmix.fm
forum-2-ca97698b16aa.cursor.com
forum-ca97698b16aa.cursor.com
forum-dev.xnxx.com
forum-dev2.xnxx.com
forum.cursor.com
forum.xnxx.com
forums.xnxx.com
galleries.xnxx.com
garmin.com
gcore-vid.xvideos-cdn.com
gelbooru.com
gemini.google.com
github.com
githubcopilot.com
go.anthropic.com
go.stripchat.beeg.com
gold.xnxx.com
googleusercontent.com
gpt3-openai.com
gpu.blackbox.ai
grazie.ai
gui.m.xnxx.com
hd-rezka.tv
hdrezka.ag
hdrezka.cm
hdrezka.me
hellonotion.com
hentai-foundry.com
hqporner.com
ic-vt-nss.xhcdn.com
image.trae.ai
img.rule34.xxx
img.strpst.com
img1.xnxx.com
img2.xnxx.com
info-gold.xnxx.com
intellij.com
intellij.net
intellij.org
intercom.io
intercomcdn.com
jb.gg
jetbrains.ai
jetbrains.com
jetbrains.com.cn
jetbrains.dev
jetbrains.net
jetbrains.org
jetbrains.ru
jetbrains.space
jetbrains.team
jokes.xnxx.com
jut-su.net
jut.su
kara.su
kemono.su
kino.pub
kinobase.org
kinovod.net
kinovod.pro
kinozal.me
kinozal.tv
kodik-add.com
kodik.biz
kodik.info
kodikapi.com
kodikdb.com
kotl.in
kotlinconf.com
kotlinlang.org
ktor.io
legal.anthropic.com
lf-cdn.trae.ai
links.xnxx.com
linktr.ee
llmglobalvalues.anthropic.com
lostfilm.run
lostfilm.tv
lostfilm.win
mail.hqporner.com
mail.m.hqporner.com
mail.ns1.hqporner.com
mail.ns2.hqporner.com
mail2.hqporner.com
mail2.ns1.hqporner.com
mail2.ns2.hqporner.com
make.com
mangadex.org
mangahub.ru
mangapark.net
medium.com
metrics.anthropic.com
miami.rule34.xxx
microsoft.com
miro.com
mirostatic.com
msoid.blackbox.ai
multi.xnxx.com
multporn.net
mydoramy.club
myjetbrains.com
naukimg.com
naukri.com
netflix.ca
netflix.com
netflix.com.au
netflix.net
netflixdnstest1.com
netflixdnstest10.com
netflixdnstest2.com
netflixdnstest3.com
netflixdnstest4.com
netflixdnstest5.com
netflixdnstest6.com
netflixdnstest7.com
netflixdnstest8.com
netflixdnstest9.com
netflixinvestor.com
netflixstudios.com
netflixtechblog.com
newstudio.tv
nflxext.com
nflximg.com
nflxsearch.net
nflxvideo.net
nhentai.com
nnmclub.to
nnmstatic.win
notion-media.com
notion.ai
notion.com
notion.dev
notion.site
notion.so
notionup.com
ns2.xnxx.com
ny.rule34.xxx
nyaa.land
nyaa.si
o4.sg.xnxx.com
oaistatic.com
onetrust.com
openai.com
openai.fund
ovh.net
payment.blackbox.ai
phncdn.com.sds.rncdn7.com
pics.xnxx.com
plab.site
playboy.com
poems.xnxx.com
pornhub.com
pornhub.org
pornolab.net
preview.claude.ai
previews.externulls.com
prismic.io
privacy.anthropic.com
prod-rudolph.he.anthropic.com
prostovpn.org
proton.me
protonmail.com
proxy.xnxx.com
proxyline.net
receive2.c.anthropic.com
red.anthropic.com
reddxxx.com
redgifs.com
rentry.org
resources.anthropic.com
rev.xnxx.com
rezka.ag
rezka.my
rezkify.com
rt.pornhub.com
ru.redtube.com
ru.xhamster.com
ru.xhamsterlive.com
rule34.art
rule34.xxx
rustorka.com
rutor.info
rutor.is
rutor.org
rutracker.net
rutracker.org
rutracker.ru
rutracker.wiki
rutrk.org
s-cdn.anthropic.com
s.trae.ai
s3-frontend.he.anthropic.com
sandbox.api.anthropic.com
sandbox.staging.api.anthropic.com
scim1password.cursor.com
search.externulls.com
sentry.dev
sentry.io
serv01001.xyz
shikimori.me
shiza-project.com
slackbot.anthropic.com
slashlib.me
snd.sc
sndcdn.com
soundcloud.com
sovetromantica.com
splunkcloud.com
spoti.fi
spotify-everywhere.com
spotify.com
spotify.design
spotifycharts.com
spotifycodes.com
spotifyforbrands.com
spotifyjobs.com
ss.phncdn.com
staging.claude.ai
static-ah.xhcdn.com
static-nss.xhcdn.com
static.pornolab.net
static.xnxx.com
statichdrezka.ac
stats.externulls.com
statsig.anthropic.com
status.anthropic.com
status.claude.ai
status.cursor.com
stealth.si
store.externulls.com
stories.xnxx.com
strava.com
stt.titanium-staging.api.anthropic.com
stt.titanium.api.anthropic.com
support.anthropic.com
talkingkotlin.com
test.anthropic.com
test000000000.anthropic.com
themoviedb.org
thepiratebay.org
thumbs.externulls.com
tmdb.org
torrent.by
torrindex.net
trade.xnxx.com
trae.ai
trainingpeaks.com
trust.anthropic.com
trust.cursor.com
tuta.com
tutanota.com
url8792.mail.anthropic.com
us.rule34.xxx
video.externulls.com
video.xnxx.com
videos.xnxx.com
vipergirls.to
vndb.org
voidboost.in
vrv.co
website.anthropic.com
whoop.com
windsurf.com
wstracker.online
www-cdn.anthropic.com
www.anthropic.com
www.atlas.anthropic.com
www.blackbox.ai
www.claude.ai
www.cursor.com
www.evals.anthropic.com
www.fast-torrent.ru
www.hqporner.com
www.m.hqporner.com
www.pornhub.com
www.pornolab.net
www.reddxxx.com
www.redgifs.com
www.redtube.com
www.rule34.xxx
www.trae.ai
www.xhamster.com
www.xhamsterlive.com
www.xnxx-ru.com
www.xnxx.com
www.xv-ru.com
www.xvideos.com
xhamster.com
xhamsterlive.com
xnxx-ru.com
xnxx.com
xv-ru.com
xvideos.com
yandexwebcache.org
yummyani.me
yummyanime.tv
zapier-deployment.com
zapier.com
zeflix.online
zendesk.com
zetimage.net
 