0ay7zb.cursor.com
1.kimi.com
117895469.intellimizeio.com
a0.awsstatic.com
about.google
abs-0.twimg.com
abs.twimg.com
academy.openai.com
account-tiktok.com
account.microsoft.com
account.proton.me
account.protonmail.com
accounts.api.openai.com
accounts.google.com
accounts.openai.com
accounts.openrouter.ai
aeza.net
ai.fosshub.com
ai.google
ai.google.dev
ai.studio
aida.googleapis.com
aienhancer.ai
aisandbox-pa.googleapis.com
aistudio.google.com
ajax.aspnetcdn.com
ajax.googleapis.com
aka.ms
akniga.xyz
aliyuncs.com
alkalicore-pa.clients6.google.com
alkalimakersuite-pa.clients6.google.com
amazonaws.com
android.chat.openai.com
anidub.pro
anime-bit.online
anime-bit.pro
animevost.org
anticensorship-proxy.antizapret.prostovpn.org
antigravity-pa.googleapis.com
antigravity-unleash.goog
antigravity.google
antigravity.googleapis.com
antizapret.prostovpn.org
api.cerebras.ai
api.inceptionlabs.ai
api.intellimize.co
api.kilo.ai
api.kimi.com
api.producthunt.com
api.twitter.com
api.x.com
apis.google.com
apola.ru
app-companion-430619.appspot.com
app.coderabbit.ai
app.devin.ai
app.jasper.ai
app.kiro.dev
app.termly.io
app.vssps.visualstudio.com
appcenter.ms
apply.workable.com
apps.apple.com
appsource.microsoft.com
archiveprogram.github.com
artificialanalysis.ai
artsandculture.google.com
assets.adobedtm.com
assets.dify.ai
assets.onestore.ms
assets.reactbricks.com
audioboo.org
auth.beeg.com
auth.docker.io
auth.grok.com
auth.linktr.ee
auth.openai.com
auth.themoviedb.org
auth0-dev.openai.com
auth0.com
auth0.openai.com
avatars.githubusercontent.com
avatars.qoder.ai
aws.amazon.com
azure.microsoft.com
azuremarketplace.microsoft.com
azwedo.com
bard.google.com
behance.net
bing.com
blioteka.ru
blog.comfy.org
blog.google
blog.sreekeshiyer.com
booktracker.work
bsky.app
business.twitter.com
c.s-microsoft.com
careers.microsoft.com
cdn-avatars.huggingface.co
cdn-cookieyes.com
cdn.auth0.com
cdn.gooo.ai
cdn.intellimize.co
cdn.jsdelivr.net
cdn.leadmanagerfx.com
cdn.neverbounce.com
cdn.paddle.com
cdn.prod.website-files.com
cdn.rayonlabs.ai
cdn.sanity.io
cdn.schema-flow.com
cdn.vsassets.io
cdn32.lol
cdnjs.cloudflare.com
cdntogo.net
cerebras.ai
cerebras.net
challenges.cloudflare.com
chat.groq.com
chatgpt.livekit.cloud
choice.microsoft.com
chromewebstore.google.com
chutes.ai
claude.com
clerk.openrouter.ai
cli.github.com
clients6.google.com
cline.bot
clipdrop.co
cloud.cerebras.ai
cloud.dify.ai
cloud.google.com
cloud.video.taobao.com
cloudaicompanion.googleapis.com
cloudauth-device-dualstack.ap-southeast-1.aliyuncs.com
cloudcode-pa.googleapis.com
cms-assets.youmind.com
cms.mistral.ai
codeassist.google
coderabbit.ai
coderabbit.gallery.vsassets.io
cognition.ai
cohere.ai
cohere.com
colab.google
colab.sandbox.google.com
comfy.org
comfyregistry.org
comments.app
community.auth0.com
community.groq.com
community.jasper.ai
console.cloud.google.com
console.groq.com
console.mistral.ai
contest.com
coze.com
crixet.com
cursor-cdn.com
cursor.com
cursor.sh
cyrildiagne.com
d3e54v103j8qbb.cloudfront.net
daily-cloudcode-pa.googleapis.com
damien-henry.com
daramalive.life
dashboard.cohere.com
dashboard.imgix.com
datalore.io
de5282c3ca0c.edge.sdk.awswaf.com
deepmind.com
deepmind.google
deepmind.google.com
desktop.github.com
dev.to
developer.android.com
developer.auth0.com
developer.chrome.com
developer.microsoft.com
developer.themoviedb.org
devin.ai
dify.ai
discuss.ai.google.dev
discuss.huggingface.co
docker.io
dockerauth-us-west-1.aliyuncs.com
docs.claude.com
docs.coderabbit.ai
docs.cohere.com
docs.comfy.org
docs.devin.ai
docs.dify.ai
docs.github.com
docs.google.com
docs.marscode.com
docs.microsoft.com
docs.mistral.ai
docs.qoder.com
donmai.us
download.qoder.com
dribbble.com
duck.ai
e4qjo92p.api.sanity.io
ecosystem.jasper.ai
elevenlabs.com
endpoints.huggingface.co
eu.org
events.cohere.com
events.framer.com
f.vimeocdn.com
facebook.com.es
facebook.com.vn
facebook.fr
fakeai.io
fanbox.cc
fast-torrent.ru
fb.me
fbcdn.com
femeretes.org
fetch.ai
firebase.google.com
firebase.studio
flow.google
fonts.googleapis.com
fonts.gstatic.com
forms.gle
forum.cursor.com
forum.dify.ai
forum.qoder.com
fpt.microsoft.com
fragment.com
framerusercontent.com
freetp.org
g.alicdn.com
g.co
gateway.ai.cloudflare.com
gator.volces.com
geller-pa.googleapis.com
gemini.google
gemini.google.com
geminicli.com
generativeai.google
generativelanguage.googleapis.com
github-cloud.s3.amazonaws.com
github.blog
github.com
github.githubassets.com
githubcopilot.com
go.microsoft.com
google.ai
google.com
gpt3-openai.com
graph.org
grazie.ai
grok.x.com
grow.google
hdrezka.cm
help.x.com
hentaichan.live
hf.co
hf.space
hubspotonwebflow.com
huggingface.co
i.vimeocdn.com
identityunlocked.auth0.com
images.ctfassets.net
img-prod-cms-rt-microsoft-com.akamaized.net
img.alicdn.com
inference.cerebras.ai
infinitenovel.eu
infinitewonderland.withgoogle.com
intellij.com
intellij.net
intellij.org
intercom.io
intercomcdn.com
jasper-academy.ai
jasper.ai
jb.gg
jblanche.fr
jetbrains.ai
jetbrains.com.cn
jetbrains.dev
jetbrains.net
jetbrains.org
jetbrains.ru
jetbrains.team
jobs.ashbyhq.com
js.hsforms.net
jules.google
jules.google.com
jwt.io
keras.io
kimi.com
kinobase.org
kinovod.pro
kiro.dev
kodik-add.com
kodik.biz
kodik.info
kodikapi.com
kodikdb.com
kotl.in
kotlinconf.com
kotlinlang.org
ktor.io
labs.google
labs.google.com
landdding.com
lang.alicdn.com
learn.microsoft.com
learnyourway.withgoogle.com
legal.mistral.ai
legal.twitter.com
lf-c-flwb.bytetos.com
lf-c-flwb.ibytedtos.com
lf-cdn.marscode.com
lf16-web-neutral.traecdn.ai
lh3.googleusercontent.com
librechat.ai
links.duckduckgo.com
liveperson.net
log.intellimize.co
login.live.com
login.microsoftonline.com
lostfilm.run
lostfilm.win
lpsnmedia.net
luma.com
mail.google.com
main.vscode-cdn.net
maintainers.github.com
makersuite.google.com
marketing-assets.youmind.com
marketplace.auth0.com
marketplace.dify.ai
marketplace.visualstudio.com
marscode.com
mdn.alipayobjects.com
media.comfy.org
media5.cdnbase.com
microsoft.com
mistral.ai
netflix.com.au
netflixdnstest1.com
netflixdnstest10.com
netflixdnstest2.com
netflixdnstest3.com
netflixdnstest4.com
netflixdnstest5.com
netflixdnstest6.com
netflixdnstest7.com
netflixdnstest8.com
netflixdnstest9.com
netflixstudios.com
news.microsoft.com
newstudio.tv
notebooklm-pa.googleapis.com
notebooklm.google
notebooklm.google.com
notebooklm.googleapis.com
nyaa.land
nyaa.si
o.alicdn.com
ogads-pa.clients6.google.com
okta.valuestoryapp.com
onedrive.live.com
onetrust.com
onlinevkino.com
opal.google
opal.google.com
opal.withgoogle.com
openai.com.cdn.cloudflare.net
openai.fund
openaiapi-site.azureedge.net
openaicom-api-bdcpf8c6d2e9atf6.z01.azurefd.net
openaicom.imgix.net
openaicomproductionae4b.blob.core.windows.net
openaifundproduction.blob.core.windows.net
openart.ai
openart.notion.site
openidconnect.net
openwebui.com
outlook.live.com
ovh.net
partner.github.com
pastela.app
pbs.twimg.com
pentest-tools.com
perplexity.ai
perplexity.com
photos.google.com
pinterest.com
pixiv.me
pixiv.net
pixiv.org
pixivision.net
platform.claude.com
play.google.com
player.vimeo.com
plugins.jetbrains.com
poe.com
policies.google.com
portainer.io
pplx-res.cloudinary.com
pplx.ai
prism.openai.com
prismic.io
privacy.groq.com
privacy.microsoft.com
prod.assets.shortbread.aws.dev
products.office.com
protonmail.com
ptht05hbb1ssoooe.public.blob.vercel-storage.com
px.ads.linkedin.com
px6.me
pximg.net
qdrant.com
qdrant.tech
qoder.com
quantumai.google
quiz.directory
r.bing.com
realestate.kimi.com
reddit.com
replit.com
repo.qoder.com
research.google
resources.github.com
rive.app
roadmap.dify.ai
robinfrontend-pa.googleapis.com
rockblack.su
rulate.ru
rutracker.ru
rutrk.org
saif.google
samltool.io
search.google
security.jasper.ai
securitylab.github.com
services.github.com
sf-coze-web-cdn.coze.com
share-na2.hsforms.com
shiffbot.withgoogle.com
shop.github.com
skills.github.com
smira.mhi.kimi.com
socialimpact.github.com
ssl.gstatic.com
stat.prostovpn.org
static.clipdrop.co
static.scarf.sh
statichdrezka.ac
statics-marketingsites-wcus-ms-com.akamaized.net
status.anthropic.com
status.auth0.com
status.cerebras.ai
status.chutes.ai
status.coderabbit.ai
status.cursor.com
status.huggingface.co
status.openrouter.ai
stealth.si
stitch.withgoogle.com
storage.googleapis.com
store.google.com
stream.mux.com
streaming.split.io
support.auth0.com
support.aws.amazon.com
support.claude.com
support.comfy.org
support.github.com
support.google.com
support.microsoft.com
support.x.com
t.me
t0.gstatic.com
talkingkotlin.com
tbexpand.alicdn.com
tdesktop.com
techcommunity.microsoft.com
telega.one
telegra.ph
telegram.com
telegram.dog
telegram.me
telegram.org
telegram.space
telesco.pe
textfx.withgoogle.com
tg.dev
thefacebook.com
tiktokglobalshop.com
torrent.by
torrindex.net
tr.anidub.com
trust.anthropic.com
trust.cerebras.ai
trust.coderabbit.ai
trust.groq.com
trustcenter.cohere.com
ttoversea.net
turn.livekit.cloud
tx.me
unpkg.byted-static.com
unpkg.com
us-assets.i.posthog.com
us.i.posthog.com
user-images.githubusercontent.com
v18.astar.bz
vercel.live
victorious-bubble-f69a016683.media.strapiapp.com
video.twimg.com
visualstudio.microsoft.com
voidboost.in
vroid.com
vrv.co
waa-pa.clients6.google.com
wcpstatic.microsoft.com
webauthn.me
webchannel-alkalimakersuite-pa.clients6.google.com
webflow.com
wedoflow.com
westus-0.in.applicationinsights.azure.com
whatsapp-plus.info
whatsapp-plus.me
whatsapp-plus.net
whatsapp.cc
whatsapp.info
whatsapp.tv
whatsappbrand.com
wixmp.com
workspace.google.com
wstracker.online
www.android.com
www.anthropic.com
www.bing.com
www.claude.com
www.coderabbit.ai
www.cognition.ai
www.comfy.org
www.diabrowser.com
www.facebook.com
www.fast-torrent.ru
www.gartner.com
www.githubstatus.com
www.google-analytics.com
www.google.com
www.googletagmanager.com
www.gravatar.com
www.gstatic.com
www.imgix.com
www.instagram.com
www.jasper.ai
www.librechat.ai
www.linkedin.com
www.marscode.cn
www.marscode.com
www.microsoft.com
www.okta.com
www.onenote.com
www.onlinevkino.com
www.openrouter.ai
www.perplexity.ai
www.pornhub.com
www.pornolab.net
www.producthunt.com
www.prostovpn.org
www.proton.me
www.protonmail.com
www.qoder.com
www.racecar.kimi.com
www.skype.com
www.threads.net
www.tiktok.com
www.trae.ai
www.twitch.tv
www.visualstudio.com
www.xbox.com
www.xhamster.com
www.xhamsterlive.com
www.xhcdn.com
www.xnxx-cdn.com
www.xnxx.com
www.xnxx.net
www.xnxx.tv
www.xnxx3.com
www.xv-ru.com
www.xvideos-cdn.com
www.xvideos.com
www.youtube.com
yandexwebcache.org
youmind.ai
youmind.com
youmind.site
younettranslate.com
yummyanime.tv
zeflix.online
zetimage.net
