amedia.site
anidub.com
anidub.pro
anilibria.tv
animaunt.org
anime-portal.su
animebest.org
animego.org
animespirit.ru
bato.to
cloud.kodik-cdn.com
cloud.kodik-storage.com
danbooru.donmai.us
doramy.club
dysprosium.cloud.kodik-storage.com
gen.jut.su
hronos.cloud.kodik-storage.com
nyaa.land
nyaa.si
tr.anidub.com
v.vrv.co
vrv.co
www.amedia.site
www.anidub.com
www.anidub.pro
www.anilibria.tv
www.animego.org
www.crunchyroll.com
www.jut.su
www.kara.su
www.mangahub.ru
www.mangapark.net
www.nyaa.land
www.nyaa.si
www.yummyanime.tv
yummyanime.tv
a-api.anthropic.com
a-cdn.anthropic.com
ab.chatgpt.com
acctcdnmsftuswe2.azureedge.net
acctcdnvzeuno.azureedge.net
ai.fosshub.com
android.chat.openai.com
api-iam.intercom.io
api.anthropic.com
api.claude.ai
api.console.anthropic.com
api.gcs.garmin.com
api.github.com
api.githubcopilot.com
api.openai.com
api.trae.ai
auth.openai.com
auth0.openai.com
beta.api.openai.com
beta.openai.com
beta42.api.openai.com
blog.openai.com
browser.events.data.microsoft.com
cdn.oaistatic.com
cdn.openai.com
cdn.sapphire.microsoftapp.net
chat.openai.com
chatgpt-async-webps-prod-eastus-2.chatgpt.com
chatgpt-async-webps-prod-westus-2.chatgpt.com
claudeusercontent.com
community.openai.com
connect.garmin.com
connectapi.garmin.com
console.anthropic.com
contest.openai.com
cookbook.openai.com
copilot-proxy.githubusercontent.com
copilot-telemetry.githubusercontent.com
d.docs.live.net
dev.contest.openai.com
downloads.intercomcdn.com
dual-a-0001.a-msedge.net
eagle.sapphire.microsoftapp.net
edge.microsoft.com
edgeservices.bing.com
feedcdn.sapphire.microsoftapp.net
files.oaiusercontent.com
files.openai.com
forum.openai.com
fpt2.microsoft.com
gateway.bingviz.microsoftapp.net
ghs.connect.garmin.com
githubcopilot.com
glow.openai.com
gpt3-openai.com
gym.openai.com
help.openai.com
help.openai.com.cdn.cloudflare.net
images.openai.com
in.appcenter.ms
ios.chat.openai.com
ios.chat.openai.com.cdn.cloudflare.net
js.intercomcdn.com
jukebox.openai.com
kc3.connect.garmin.com
labs.openai.com
labs.openai.com.cdn.cloudflare.net
lgincdnmsftuswe2.azureedge.net
lgincdnvzeuno.azureedge.net
location.microsoft.com
manage.openai.auth0app.com
messenger-apps.intercom.io
microscope.openai.com
mobile.events.data.microsoft.com
model-spec.openai.com
musenet-pg.openai.com
musenet.openai.com
nb-chatgpt.com
nexus-websocket-a.intercom.io
ntc.party
omt.garmin.com
opchatgpt.com
openai.com.cdn.cloudflare.net
openai.fund
openai.github.io
openai.ikontra.com
openai.intercom-attachments-7.com
openai.openthinklabs.com
openai.org
openai.qualtrics.com
operator.chatgpt.com
pay.openai.com
persistent.oaistatic.com
platform.api.openai.com
platform.openai.com
platform.openai.com.cdn.cloudflare.net
prod-primary-aks-scentralus-api-b.api.openai.com
prod.contest.openai.com
s-cdn.anthropic.com
sapphire.api.microsoftapp.net
self.events.data.microsoft.com
services.bingapis.com
sing-box.sagernet.org
singboxvt.org
sora-cdn.oaistatic.com
spinningup.openai.com
static.intercomassets.com
statsig.anthropic.com
status.anthropic.com
status.openai.com
support.anthropic.com
sydney.bing.com
tcr9i.chat.openai.com
telemetry.trae.ai
trae.ai
webrtc.chatgpt.com
widget.intercom.io
windsurf.com
www.anthropic.com
www.chatgpt.com
www.claude.ai
www.claudeusercontent.com
www.fosshub.com
www.intercom.io
www.openai.com
www.openai.com.cdn.cloudflare.net
www.trae.ai
abook-club.ru
account.proton.me
account.protonmail.com
aeza.net
akniga.xyz
anticensorship-proxy.antizapret.prostovpn.org
antizapret.prostovpn.org
apola.ru
audioboo.org
blioteka.ru
blockcheck.antizapret.prostovpn.org
bookish.site
booktracker.org
bt.t-ru.org
bt2.t-ru.org
bt3.t-ru.org
bt4.t-ru.org
catalog.abook-club.ru
fast-torrent.ru
filmitorrent.net
gallery.abook-club.ru
kinozal.me
mail.proton.me
mail.protonmail.com
newstudio.tv
nnmclub.to
nnmstatic.win
prostovpn.org
proton-me.cdn.prismic.io
proton.me
protonmail.com
proxy-fbtw-ssl.antizapret.prostovpn.org
proxy-nossl.antizapret.prostovpn.org
proxy-ssl.antizapret.prostovpn.org
proxy.antizapret.prostovpn.org
rockblack.su
rustorka.com
rutor.info
rutor.is
rutor.org
rutracker.net
rutracker.org
rutracker.ru
rutracker.wiki
rutrk.org
stat.prostovpn.org
static.rutracker.cc
thepiratebay.org
torrent.abook-club.ru
torrent.by
tracker.torrent.eu.org
vpn.antizapret.prostovpn.org
wiki.rutracker.org
www.booktracker.org
www.fast-torrent.ru
www.kinozal.me
www.newstudio.tv
www.nnmclub.to
www.prostovpn.org
www.proton.me
www.protonmail.com
www.rustorka.com
www.rutor.info
www.rutor.is
www.rutor.org
www.rutracker.org
www.rutracker.ru
www.rutracker.wiki
www.rutrk.org
www.thepiratebay.org
www.torrent.abook-club.ru
www.torrent.by
anteros.stream.voidboost.cc
api.tmdb.org
auth.themoviedb.org
blog.themoviedb.org
developer.themoviedb.org
developers.themoviedb.org
doramy.club
files.themoviedb.org
files.tmdb.org
filmix.biz
filmix.fm
hdrezka.ag
hdrezka.cm
hdrezka.me
image-bunny.tmdb.org
images.tmdb.org
kino.pub
kinobase.org
kinovod.net
kinovod.pro
kinozal.me
kinozal.tv
lostfilm.run
lostfilm.tv
lostfilm.win
media.themoviedb.org
netflix.com.au
netflixstudios.com
privacyportal.onetrust.com
rezka.ag
rezkify.com
static.hdrezka.ac
statichdrezka.ac
status.themoviedb.org
www.doramy.club
www.filmix.biz
www.filmix.fm
www.hdrezka.ag
www.hdrezka.cm
www.kino.pub
www.kinobase.org
www.kinovod.net
www.kinozal.me
www.kinozal.tv
www.lostfilm.run
www.lostfilm.tv
www.netflix.com
www.rezka.ag
www.themoviedb.org
