1.kimi.com
1337x.to
abook-club.ru
academy.openai.com
account-tiktok.com
account.proton.me
account.protonmail.com
accounts.api.openai.com
accounts.openai.com
accounts.openrouter.ai
aeza.net
ai.fosshub.com
akniga.xyz
aliyuncs.com
amazonaws.com
amedia.site
amnezia.org
android.chat.openai.com
anidub.com
anidub.pro
anilibria.tv
animaunt.org
anime-bit.online
anime-bit.pro
anime-portal.su
animebest.org
animego.org
animespirit.ru
animevost.org
anistar.org
anistars.ru
anthropic.com
anticensorship-proxy.antizapret.prostovpn.org
antizapret.prostovpn.org
api.kimi.com
apola.ru
appcenter.ms
attachments.f95zone.to
audioboo.org
auth.beeg.com
auth.docker.io
auth.grok.com
auth.linktr.ee
auth.openai.com
auth.themoviedb.org
auth0-dev.openai.com
auth0.openai.com
bato.to
bing.com
blioteka.ru
booktracker.org
booktracker.work
booth.pm
cdn32.lol
cdntogo.net
chatgpt.com
chaturbate.com
claude.ai
comments.app
console.groq.com
contest.com
coomer.su
crunchyroll.com
cursor.com
daramalive.life
datalore.io
deepl.com
developer.themoviedb.org
deviantart.com
docker.io
dockerauth-us-west-1.aliyuncs.com
donmai.us
doramy.club
e-hentai.org
eporner.com
etahub.com
eu.org
facebook.com
facebook.com.es
facebook.com.vn
facebook.fr
fanbox.cc
fansly.com
fast-torrent.ru
fast.com
fb.com
fb.me
fbcdn.com
fbcdn.net
fbsbx.com
femeretes.org
ficbook.net
filmitorrent.net
filmix.biz
filmix.fm
fragment.com
freeones.com
freetp.org
gelbooru.com
github.com
githubcopilot.com
gpt3-openai.com
graph.org
grazie.ai
grok.com
groq.com
hdrezka.ag
hdrezka.cm
hentai-foundry.com
hentaichan.live
hitomi.la
hqporner.com
ig.me
infinitenovel.eu
instagram.com
intellij.com
intellij.net
intellij.org
intercom.io
intercomcdn.com
jb.gg
jetbrains.ai
jetbrains.com
jetbrains.com.cn
jetbrains.dev
jetbrains.net
jetbrains.org
jetbrains.ru
jetbrains.space
jetbrains.team
jut.su
kara.su
kimi.com
kino.pub
kinobase.org
kinovod.net
kinovod.pro
kinozal.me
kinozal.tv
kodik-add.com
kodik.biz
kodik.info
kodikapi.com
kodikdb.com
kotl.in
kotlinconf.com
kotlinlang.org
ktor.io
lostfilm.run
lostfilm.tv
lostfilm.win
mangahub.ru
mangapark.net
manyvids.com
media5.cdnbase.com
microsoft.com
multporn.net
musical.ly
myjetbrains.com
netflix.ca
netflix.com
netflix.com.au
netflix.net
netflixdnstest1.com
netflixdnstest10.com
netflixdnstest2.com
netflixdnstest3.com
netflixdnstest4.com
netflixdnstest5.com
netflixdnstest6.com
netflixdnstest7.com
netflixdnstest8.com
netflixdnstest9.com
netflixinvestor.com
netflixstudios.com
netflixtechblog.com
newstudio.tv
nflxext.com
nflximg.com
nflxsearch.net
nflxvideo.net
nhentai.com
nhentai.net
nnmclub.to
nnmstatic.win
notepad-plus-plus.org
nude-moon.org
nyaa.land
nyaa.si
oaistatic.com
onetrust.com
onlinevkino.com
openai.com
openai.fund
ovh.net
pastela.app
perplexity.ai
perplexity.com
phncdn.com
phncdn.com.sds.rncdn7.com
pixiv.me
pixiv.net
pixiv.org
pixivision.net
playboy.com
pornhub.com
pornhub.org
pornolab.net
portainer.io
pplx-res.cloudinary.com
pplx.ai
prismic.io
prostovpn.org
proton.me
protonmail.com
pximg.net
qdrant.com
quiz.directory
realbooru.com
realestate.kimi.com
reddxxx.com
redgifs.com
rentry.org
rezka.ag
rezka.my
rezkify.com
rockblack.su
rulate.ru
rule34.art
rule34.us
rule34.xxx
rustorka.com
rutor.info
rutor.is
rutor.org
rutracker.cc
rutracker.net
rutracker.org
rutracker.ru
rutracker.wiki
rutrk.org
serv01001.xyz
smira.mhi.kimi.com
stat.prostovpn.org
statichdrezka.ac
stealth.si
t-ru.org
t.co
t.me
talkingkotlin.com
tdesktop.com
telega.one
telegra.ph
telegram.com
telegram.dog
telegram.me
telegram.org
telegram.space
telesco.pe
tg.dev
thefacebook.com
themoviedb.org
thepiratebay.org
theporndude.com
tiktok.com
tiktokglobalshop.com
tiktokv.com
tlivecdn.com
tmdb.org
torrent.by
torrindex.net
tr.anidub.com
trae.ai
ttoversea.net
tweetdeck.com
twitter.com
tx.me
ukdevilz.com
v18.astar.bz
vipergirls.to
vndb.org
voidboost.in
vroid.com
vrv.co
wa.me
whatsapp.com
whatsapp.net
wixmp.com
wstracker.online
www.fast-torrent.ru
www.onlinevkino.com
www.openrouter.ai
www.perplexity.ai
www.pornhub.com
www.pornolab.net
www.prostovpn.org
www.proton.me
www.protonmail.com
www.qoder.com
www.racecar.kimi.com
www.trae.ai
www.xhamster.com
www.xhamsterlive.com
www.xhcdn.com
www.xnxx-cdn.com
www.xnxx.com
www.xnxx.net
www.xnxx.tv
www.xnxx3.com
www.xv-ru.com
www.xvideos-cdn.com
www.xvideos.com
x.ai
x.com
xhamster.com
xhamsterlive.com
xhcdn.com
xnxx-cdn.com
xnxx.com
xnxx.net
xnxx.tv
xnxx3.com
xv-ru.com
xvideos-cdn.com
xvideos.com
yandexwebcache.org
younettranslate.com
yummyanime.tv
zeflix.online
zetimage.net
librechat.ai
www.librechat.ai
aienhancer.ai
pentest-tools.com
 