555-173-403gv.video-ik-ok-ii.xyz
amedia.site
anidub.com
anidub.pro
anilibria.tv
animego.org
bato.to
bf3-204-206gv.video-ik-ok-ii.xyz
ce1-048-404gv.video-ik-ok-ii.xyz
cloud.kodik-cdn.com
cloud.kodik-storage.com
crunchyroll.com
dysprosium.cloud.kodik-storage.com
ec3-9e8-200gv.video-ik-ok-ii.xyz
eec.crunchyroll.com
gen.jut.su
hronos.cloud.kodik-storage.com
jut.su
kara.su
katon.jut.su
kodik-add.com
kodik.info
kodikapi.com
kodikdb.com
mangahub.ru
mangapark.net
nyaa.land
nyaa.si
nyaa.tracker.wf
osmium.cloud.kodik-storage.com
protactinium.cloud.kodik-storage.com
pulse.cloud.kodik-cdn.com
red.cloud.kodik-storage.com
saturn.cloud.kodik-storage.com
scorpius.cloud.kodik-storage.com
st-5cva8vttppvjafpc7jvj.kodik.biz
static.crunchyroll.com
tr.anidub.com
tr.libria.fun
v.vrv.co
venus.cloud.kodik-storage.com
vrv.co
wss.animego.org
wstracker.online
wt.kodik.biz
www.amedia.site
www.anidub.com
www.anidub.pro
www.anilibria.tv
www.animego.org
www.crunchyroll.com
www.dorama.live
www.doramalive.ru
www.doramy.club
www.jut.su
www.kara.su
www.mangahub.ru
www.mangapark.net
www.nyaa.land
www.nyaa.si
www.yummyanime.tv
yummyanime.tv