adultmult.tv
amedia.site
anidub.com
anidub.pro
anilibria.tv
anilibria.uno
animaunt.org
anime-portal.su
animebest.org
animedia.tv
animego.org
animespirit.ru
anistar.org
anistars.ru
bato.to
cloud.kodik-cdn.com
cloud.kodik-storage.com
danbooru.donmai.us
dorama.live
doramalive.ru
doramy.club
doton.jut.su
dysprosium.cloud.kodik-storage.com
e621.net
ec3-9e8-200gv.video-ik-ok-ii.xyz
eec.crunchyroll.com
ficbook.net
gelbooru.com
gen.jut.su
hronos.cloud.kodik-storage.com
jut-su.net
jut.su
kara.su
katon.jut.su
kemono.su
kodik-add.com
kodik.info
kodikapi.com
kodikdb.com
mangadex.org
mangahub.ru
mangapark.net
mydoramy.club
nyaa.land
nyaa.si
nyaa.tracker.wf
osmium.cloud.kodik-storage.com
protactinium.cloud.kodik-storage.com
pulse.cloud.kodik-cdn.com
red.cloud.kodik-storage.com
saturn.cloud.kodik-storage.com
scorpius.cloud.kodik-storage.com
shikimori.me
shiza-project.com
slashlib.me
sovetromantica.com
st-5cva8vttppvjafpc7jvj.kodik.biz
static.crunchyroll.com
tr.anidub.com
tr.libria.fun
v.vrv.co
venus.cloud.kodik-storage.com
vndb.org
vrv.co
wss.animego.org
wstracker.online
wt.kodik.biz
www.amedia.site
www.anidub.com
www.anidub.pro
www.anilibria.tv
www.animego.org
www.crunchyroll.com
www.jut.su
www.kara.su
www.mangahub.ru
www.mangapark.net
www.nyaa.land
www.nyaa.si
www.yummyanime.tv
yummyani.me
yummyanime.tv