10minutemail.com
37signals.com
4pda.to
a.opoxv.com
a.orbsrv.com
account-tiktok.com
accounts.autodesk.com
acheron.stream.voidboost.cc
adobe.io
adobeexchange.com
adobegov.com
adobelogin.com
adobeprojectm.com
aeza.net
amazon.com
amazonaws.com
amd.com
amnezia.org
android.chat.openai.com
anteros.stream.voidboost.cc
anthropic.com
api-bunny.themoviedb.org
api.msn.com
api.tmdb.org
apollo.stream.voidboost.cc
appcenter.ms
aquila.stream.voidboost.cc
arkoselabs.com
assets.msn.com
atlas.stream.voidboost.cc
aurum.stream.voidboost.cc
auth.themoviedb.org
autodesk.com
autodiscover.themoviedb.org
baator.stream.voidboost.cc
basecamp.com
bbs.stream.voidboost.cc
behance.net
bestchange.net
bestchange.ru
bing.com
bing.net
bingclientmsa.sapphire.microsoftapp.net
blog.themoviedb.org
blue.stream.voidboost.cc
bytopia.stream.voidboost.cc
c.msn.com
canva.com
cdn.web-platform.io
celestia.stream.voidboost.cc
censortracker.org
centaurus.stream.voidboost.cc
claude.ai
coliseum.stream.voidboost.cc
consul.stream.voidboost.cc
corvus.stream.voidboost.cc
crashlytics.com
cyberghostvpn.com
data.swiftkey.com
datalore.io
delta.stream.voidboost.cc
demand.supply
developer.themoviedb.org
developers.themoviedb.org
dl.appstreaming.autodesk.com
downloads.malwarebytes.com
druid.stream.voidboost.cc
eclipse.stream.voidboost.cc
edge.microsoft.com
edgeservices.bing.com
efulfillment.autodesk.com
elevenlabs.io
elvis.stream.voidboost.cc
elysium.stream.voidboost.cc
explorer.stream.voidboost.cc
facebook.com
facebook.com.es
facebook.com.vn
facebook.fr
falcon.stream.voidboost.cc
fb.com
fb.me
fbcdn.com
fbcdn.net
fbsbx.com
fiber.stream.voidboost.cc
files.themoviedb.org
files.tmdb.org
flerovium.stream.voidboost.cc
gamma.stream.voidboost.cc
garmin.com
gateway.bingviz.microsoftapp.net
gcore-pic.xnxx-cdn.com
geforce.cn
geforce.co.kr
geforce.co.uk
geforce.com
geforce.com.tw
geolocation.onetrust.com
getoutline.org
git.sunlix.one
github.com
githubcopilot.com
googleusercontent.com
gputechconf.cn
gputechconf.co.kr
gputechconf.com
gputechconf.com.au
gputechconf.com.tw
gputechconf.eu
gputechconf.in
gputechconf.jp
grazie.ai
habr.com
habrastorage.org
hammer.stream.voidboost.cc
hellonotion.com
hls.vsmvideo.com
hydrus.stream.voidboost.cc
ig.me
img-s-msn-com.akamaized.net
in.appcenter.ms
instagram.com
intel.com
intel.de
intel.nl
intellij.com
intellij.net
intellij.org
intercom.io
intercomcdn.com
internalfb.com
jabra.com
jb.gg
jetbrains.ai
jetbrains.com
jetbrains.com.cn
jetbrains.dev
jetbrains.net
jetbrains.org
jetbrains.ru
jetbrains.space
jetbrains.team
jointinum.stream.voidboost.cc
jupiter.stream.voidboost.cc
kotl.in
kotlinconf.com
kotlinlang.org
ktor.io
kurt.stream.voidboost.cc
lacerta.stream.voidboost.cc
limbo.stream.voidboost.cc
linkedin.com
linktr.ee
lipsium.stream.voidboost.cc
live-screencaps.vsmvideo.com
location.microsoft.com
login.microsoftonline.com
louvre.stream.voidboost.cc
lutetium.stream.voidboost.cc
lynx.stream.voidboost.cc
mail-api.proton.me
mail.proton.me
make.com
malwarebytes.com
malwarebytes.org
maxima.stream.voidboost.cc
media.themoviedb.org
medium.com
mercury.stream.voidboost.cc
meta.com
microchip.com
microsoft.com
milanium.stream.voidboost.cc
miro.com
mirostatic.com
mobile.events.data.microsoft.com
monoceros.stream.voidboost.cc
msn.com
mullvad.net
musical.ly
myjetbrains.com
mystic.stream.voidboost.cc
nailium.stream.voidboost.cc
naukimg.com
naukri.com
neon.stream.voidboost.cc
nexus.stream.voidboost.cc
nika.stream.voidboost.cc
notion-media.com
notion.ai
notion.com
notion.dev
notion.site
notion.so
notionup.com
nuceria.stream.voidboost.cc
nvidia.asia
nvidia.at
nvidia.be
nvidia.ch
nvidia.cn
nvidia.co.at
nvidia.co.in
nvidia.co.jp
nvidia.co.kr
nvidia.co.uk
nvidia.com
nvidia.com.au
nvidia.com.br
nvidia.com.mx
nvidia.com.pe
nvidia.com.pl
nvidia.com.tr
nvidia.com.ua
nvidia.com.ve
nvidia.cz
nvidia.de
nvidia.dk
nvidia.es
nvidia.eu
nvidia.fi
nvidia.fr
nvidia.in
nvidia.it
nvidia.jp
nvidia.lu
nvidia.mx
nvidia.nl
nvidia.no
nvidia.pl
nvidia.ro
nvidia.ru
nvidia.se
nvidia.tw
nvidiaforhp.com
oaistatic.com
oculus.com
omega.stream.voidboost.cc
oraclecloud.com
osmium.stream.voidboost.cc
ottg.app
ovh.net
ozzy.stream.voidboost.cc
patreon.com
pe.stream.voidboost.cc
pegasus.stream.voidboost.cc
phantom.stream.voidboost.cc
phoenix.stream.voidboost.cc
platinum.stream.voidboost.cc
polaris.stream.voidboost.cc
prism.stream.voidboost.cc
prismic.io
prod-japaneast.access-point.cloudmessaging.edge.microsoft.com
prod-streaming-video-msn-com.akamaized.net
prod-switzerlandnorth.access-point.cloudmessaging.edge.microsoft.com
prod.rewardsplatform.microsoft.com
prostovpn.org
proton.me
proton.stream.voidboost.cc
protonmail.com
protonvpn.com
proxyline.net
psiphon.ca
pulse.stream.voidboost.cc
quora.com
quoracdn.net
radium.stream.voidboost.cc
ranger.stream.voidboost.cc
red.stream.voidboost.cc
redshieldvpn.com
relax.stream.voidboost.cc
s.opoxv.com
s.orbsrv.com
sagitta.stream.voidboost.cc
sapphire.api.microsoftapp.net
saturn.stream.voidboost.cc
scorpius.stream.voidboost.cc
secret.stream.voidboost.cc
selenium.stream.voidboost.cc
self.events.data.microsoft.com
shadow.stream.voidboost.cc
shotwithgeforce.com
showip.net
sierra.stream.voidboost.cc
silence.stream.voidboost.cc
skinium.stream.voidboost.cc
skullium.stream.voidboost.cc
snd.sc
sndcdn.com
soundcloud.com
splunkcloud.com
spoti.fi
spotify-everywhere.com
spotify.com
spotify.design
spotifycharts.com
spotifycodes.com
spotifyforbrands.com
spotifyjobs.com
srv.voidnetwork.cloud
ssl.bing.com
stat.prostovpn.org
strava.com
stream.voidboost.cc
stream.voidboost.in
strontium.stream.voidboost.cc
superapp.msn.com
surfshark.com
swiftkey.com
sydney.bing.com
talkingkotlin.com
tegrazone.co.kr
tegrazone.com
tegrazone.kr
th.bing.com
thallium.stream.voidboost.cc
thefacebook.com
threads.net
thumbs.filmix.fm
tiktok.com
tiktokglobalshop.com
tiktokv.com
tjk-njk.com
tlivecdn.com
tornado.stream.voidboost.cc
trainingpeaks.com
ttoversea.net
tuta.com
tutanota.com
typekit.com
typekit.net
ununbium.stream.voidboost.cc
venus.stream.voidboost.cc
vespene.stream.voidboost.cc
viking.stream.voidboost.in
vpngate.net
vpngen.org
vpnlove.me
vpnpay.io
web01.stream.voidboost.cc
web02.stream.voidboost.cc
whoop.com
www.serv01001.xyz
www.stream.voidboost.cc
www.themoviedb.org
zapier-deployment.com
zapier.com
zendesk.com