a.opoxv.com
a.orbsrv.com
account-tiktok.com
accounts.autodesk.com
adobe.io
adobeexchange.com
adobegov.com
adobelogin.com
adobeprojectm.com
aeza.net
amazon.com
amd.com
amnezia.org
android.chat.openai.com
api.msn.com
arkoselabs.com
assets.msn.com
autodesk.com
behance.net
bing.net
bingclientmsa.sapphire.microsoftapp.net
c.msn.com
cdn.auth0.com
cdn.web-platform.io
cdn5-186.vsmvideo.com
cdn5-187.vsmvideo.com
cdn5-209.vsmvideo.com
cdn5-249.vsmvideo.com
cdn77-vid.xnxx-cdn.com
censortracker.org
crashlytics.com
cyberghostvpn.com
data.swiftkey.com
datalore.io
dl.appstreaming.autodesk.com
downloads.malwarebytes.com
edge.microsoft.com
edgeservices.bing.com
efulfillment.autodesk.com
facebook.com
facebook.com.es
facebook.com.vn
facebook.fr
fb.com
fb.me
fbcdn.com
fbcdn.net
fbsbx.com
gateway.bingviz.microsoftapp.net
gcore-pic.xnxx-cdn.com
gemini.google.com
geolocation.onetrust.com
getoutline.org
git.sunlix.one
googleusercontent.com
grazie.ai
habrastorage.org
hls.vsmvideo.com
ig.me
img-s-msn-com.akamaized.net
in.appcenter.ms
instagram.com
intel.com
intel.de
intel.nl
intel.se
intellij.com
intellij.net
intellij.org
jabra.com
jb.gg
jetbrains.ai
jetbrains.com
jetbrains.com.cn
jetbrains.dev
jetbrains.net
jetbrains.org
jetbrains.ru
jetbrains.space
jetbrains.team
kotl.in
kotlinconf.com
kotlinlang.org
ktor.io
linkedin.com
live-screencaps.vsmvideo.com
location.microsoft.com
login.microsoftonline.com
lookerstudio.google.com
mail.proton.me
malwarebytes.com
malwarebytes.org
microchip.com
mobile.events.data.microsoft.com
msn.com
mullvad.net
musical.ly
myjetbrains.com
news.google.com
nvidia.com
oraclecloud.com
ottg.app
ovh.net
patreon.com
prostovpn.org
protonvpn.com
psiphon.ca
quora.com
quoracdn.net
redshieldvpn.com
s.opoxv.com
s.orbsrv.com
sapphire.api.microsoftapp.net
self.events.data.microsoft.com
showip.net
sketchup.com
snd.sc
sndcdn.com
soundcloud.com
spoti.fi
spotify-everywhere.com
spotify.com
spotify.design
spotifycharts.com
spotifycodes.com
spotifyforbrands.com
spotifyjobs.com
ssl.bing.com
stat.prostovpn.org
suggestqueries.google.com
superapp.msn.com
surfshark.com
swiftkey.com
sydney.bing.com
talkingkotlin.com
tcr9i.chat.openai.com
th.bing.com
thefacebook.com
tiktok.com
tiktokglobalshop.com
tiktokv.com
tjk-njk.com
tlivecdn.com
ttoversea.net
typekit.com
typekit.net
vmware.com
vpngate.net
vpngen.org
vpnlove.me
vpnpay.io
weather.com
webrtc.chatgpt.com
widgetapp.stream