a.opoxv.com
a.orbsrv.com
accounts.autodesk.com
adobe.io
adobeexchange.com
adobegov.com
adobelogin.com
adobeprojectm.com
adultmult.tv
akniga.xyz
amazon.com
amazonaws.com
amd.com
anilibria.uno
animaunt.org
anime-portal.su
animebest.org
animedia.tv
animespirit.ru
anistar.org
anistars.ru
api.msn.com
apola.ru
appcenter.ms
arkoselabs.com
assets.msn.com
behance.net
bing.com
bing.net
bingclientmsa.sapphire.microsoftapp.net
c.msn.com
cdn.auth0.com
cdn5-186.vsmvideo.com
cdn5-187.vsmvideo.com
cdn5-209.vsmvideo.com
cdn5-249.vsmvideo.com
cdn77-vid.xnxx-cdn.com
crashlytics.com
data.swiftkey.com
dl.appstreaming.autodesk.com
downloads.malwarebytes.com
efulfillment.autodesk.com
fast-torrent.ru
gcore-pic.xnxx-cdn.com
git.sunlix.one
habrastorage.org
hls.vsmvideo.com
imdb.com
img-s-msn-com.akamaized.net
intel.se
intellij.net
jabra.com
live-screencaps.vsmvideo.com
login.microsoftonline.com
malwarebytes.com
malwarebytes.org
microchip.com
microsoft.com
msn.com
nvidia.com
oraclecloud.com
ottg.app
prod-japaneast.access-point.cloudmessaging.edge.microsoft.com
prod-streaming-video-msn-com.akamaized.net
prod-switzerlandnorth.access-point.cloudmessaging.edge.microsoft.com
prod.rewardsplatform.microsoft.com
s.opoxv.com
s.orbsrv.com
sagitta.stream.voidboost.cc
saturn.stream.voidboost.cc
scorpius.stream.voidboost.cc
secret.stream.voidboost.cc
selenium.stream.voidboost.cc
shadow.stream.voidboost.cc
showip.net
sierra.stream.voidboost.cc
silence.stream.voidboost.cc
skinium.stream.voidboost.cc
skullium.stream.voidboost.cc
spoti.fi
spotify-everywhere.com
spotify.design
spotifycharts.com
spotifycodes.com
spotifyforbrands.com
spotifyjobs.com
ssl.bing.com
superapp.msn.com
swiftkey.com
th.bing.com
tjk-njk.com
typekit.com
typekit.net
a-api.anthropic.com
a-cdn.anthropic.com
ab.chatgpt.com
acctcdnmsftuswe2.azureedge.net
acctcdnvzeuno.azureedge.net
android.chat.openai.com
api-iam.intercom.io
api.anthropic.com
api.claude.ai
api.console.anthropic.com