a-api.anthropic.com
a-cdn.anthropic.com
ab.chatgpt.com
acctcdnmsftuswe2.azureedge.net
acctcdnvzeuno.azureedge.net
android.chat.openai.com
api-iam.intercom.io
api.anthropic.com
api.claude.ai
api.console.anthropic.com
api.github.com
api.githubcopilot.com
api.openai.com
arena.openai.com
auth.openai.com
auth0.openai.com
beta.api.openai.com
beta.openai.com
beta42.api.openai.com
blog.openai.com
browser.events.data.microsoft.com
cdn.oaistatic.com
cdn.openai.com
cdn.sapphire.microsoftapp.net
chat.openai.com
claudeusercontent.com
community.openai.com
console.anthropic.com
contest.openai.com
copilot-proxy.githubusercontent.com
copilot-telemetry.githubusercontent.com
d.docs.live.net
debate-game.openai.com
dev.contest.openai.com
dev.generations.openai.com
discuss.openai.com
downloads.intercomcdn.com
dual-a-0001.a-msedge.net
eagle.sapphire.microsoftapp.net
edge.microsoft.com
edgeservices.bing.com
feedcdn.sapphire.microsoftapp.net
files.oaiusercontent.com
files.openai.com
fpt2.microsoft.com
gateway.bingviz.microsoftapp.net
generations.openai.com
githubcopilot.com
glow.openai.com
gpt3-openai.com
gym.openai.com
help.openai.com
in.appcenter.ms
ios.chat.openai.com
js.intercomcdn.com
jukebox.openai.com
labs.openai.com
lgincdnmsftuswe2.azureedge.net
lgincdnvzeuno.azureedge.net
location.microsoft.com
messenger-apps.intercom.io
microscope.openai.com
mobile.events.data.microsoft.com
musenet-pg.openai.com
musenet.openai.com
nexus-websocket-a.intercom.io
onboard.api.openai.com
openai.fund
openai.org
platform.api.openai.com
platform.openai.com
prod-primary-aks-scentralus-api-b.api.openai.com
prod-primary-aks-westus2-api-a.api.openai.com
prod.contest.openai.com
s-cdn.anthropic.com
sapphire.api.microsoftapp.net
self.events.data.microsoft.com
services.bingapis.com
spinningup.openai.com
staging.generations.openai.com
static.intercomassets.com
statsig.anthropic.com
status.anthropic.com
support.anthropic.com
sydney.bing.com
tcr9i.chat.openai.com
universe.openai.com
webrtc.chatgpt.com
widget.intercom.io
www.anthropic.com
www.chatgpt.com
www.claude.ai
www.claudeusercontent.com
www.intercom.io
www.openai.com
