a-api.anthropic.com
a-cdn.anthropic.com
ab.chatgpt.com
acctcdnmsftuswe2.azureedge.net
android.chat.openai.com
api-iam.intercom.io
api.anthropic.com
api.claude.ai
api.console.anthropic.com
api.gcs.garmin.com
api.github.com
api.githubcopilot.com
api.openai.com
auth.openai.com
auth0.openai.com
beta.api.openai.com
beta.openai.com
browser.events.data.microsoft.com
cdn.oaistatic.com
cdn.openai.com
cdn.sapphire.microsoftapp.net
chat.openai.com
chatgpt-async-webps-prod-eastus-2.chatgpt.com
chatgpt-async-webps-prod-westus-2.chatgpt.com
community.openai.com
connect.garmin.com
connectapi.garmin.com
console.anthropic.com
cookbook.openai.com
copilot-proxy.githubusercontent.com
copilot-telemetry.githubusercontent.com
d.docs.live.net
community.openai.com
console.anthropic.com
copilot-proxy.githubusercontent.com
copilot-telemetry.githubusercontent.com
d.docs.live.net
downloads.intercomcdn.com
dual-a-0001.a-msedge.net
eagle.sapphire.microsoftapp.net
edge.microsoft.com
edgeservices.bing.com
feedcdn.sapphire.microsoftapp.net
files.oaiusercontent.com
forum.openai.com
fpt2.microsoft.com
gateway.bingviz.microsoftapp.net
ghs.connect.garmin.com
githubcopilot.com
gpt3-openai.com
gym.openai.com
help.openai.com
help.openai.com.cdn.cloudflare.net
images.openai.com
in.appcenter.ms
ios.chat.openai.com
ios.chat.openai.com.cdn.cloudflare.net
fpt2.microsoft.com
gateway.bingviz.microsoftapp.net
githubcopilot.com
glow.openai.com
gpt3-openai.com
gym.openai.com
help.openai.com
in.appcenter.ms
ios.chat.openai.com
js.intercomcdn.com
jukebox.openai.com
kc3.connect.garmin.com
labs.openai.com
labs.openai.com.cdn.cloudflare.net
lgincdnmsftuswe2.azureedge.net
location.microsoft.com
manage.openai.auth0app.com
messenger-apps.intercom.io
microscope.openai.com
mobile.events.data.microsoft.com
model-spec.openai.com
nb-chatgpt.com
nexus-websocket-a.intercom.io
omt.garmin.com
opchatgpt.com
openai.com.cdn.cloudflare.net
openai.fund
openai.github.io
openai.ikontra.com
openai.intercom-attachments-7.com
openai.openthinklabs.com
openai.qualtrics.com
operator.chatgpt.com
pay.openai.com
persistent.oaistatic.com
platform.api.openai.com
platform.openai.com
platform.openai.com.cdn.cloudflare.net
lgincdnmsftuswe2.azureedge.net
location.microsoft.com
messenger-apps.intercom.io
microscope.openai.com
mobile.events.data.microsoft.com
musenet-pg.openai.com
musenet.openai.com
nexus-websocket-a.intercom.io
openai.fund
platform.api.openai.com
platform.openai.com
s-cdn.anthropic.com
sapphire.api.microsoftapp.net
self.events.data.microsoft.com
services.bingapis.com
sora-cdn.oaistatic.com
spinningup.openai.com
static.intercomassets.com
statsig.anthropic.com
status.anthropic.com
status.openai.com
spinningup.openai.com
static.intercomassets.com
statsig.anthropic.com
status.anthropic.com
support.anthropic.com
sydney.bing.com
tcr9i.chat.openai.com
webrtc.chatgpt.com
widget.intercom.io
www.anthropic.com
www.chatgpt.com
www.claude.ai
www.claudeusercontent.com
www.intercom.io
www.openai.com
www.openai.com.cdn.cloudflare.net
www.openai.com.cdn.cloudflare.net