10minutemail.com
37signals.com
ab.chatgpt.com
ai.com
amazonaws.com
anthropic.com
api.openai.com
appcenter.ms
auth.openai.com
auth0.openai.com
basecamp.com
bestchange.net
bestchange.ru
beta.api.openai.com
beta.openai.com
bing.com
canva.com
cdn.oaistatic.com
cdn.openai.com
chat.com
chat.openai.com
chat.openai.com.cdn.cloudflare.net
chatgpt.com
claude.ai
community.openai.com
copilot.microsoft.com
demand.supply
designer.microsoft.com
elevenlabs.io
files.oaiusercontent.com
garmin.com
github.com
githubcopilot.com
gpt3-openai.com
grok.com
gym.openai.com
hellonotion.com
help.openai.com
intercom.io
intercomcdn.com
ios.chat.openai.com
jukebox.openai.com
labs.openai.com
linktr.ee
make.com
medium.com
microscope.openai.com
microsoft.com
miro.com
mirostatic.com
naukimg.com
naukri.com
notion-media.com
notion.ai
notion.com
notion.dev
notion.site
notion.so
notionup.com
oaistatic.com
openai.com
openai.fund
platform.api.openai.com
platform.openai.com
prismic.io
proton.me
protonmail.com
proxyline.net
spinningup.openai.com
splunkcloud.com
strava.com
trae.ai
trainingpeaks.com
tuta.com
tutanota.com
whoop.com
x.ai
xsts.auth.xboxlive.com
zapier-deployment.com
zapier.com
zendesk.com