acme.xnxx.com
admin.hqporner.com
admin.m.hqporner.com
admin.ns1.hqporner.com
admin.ns2.hqporner.com
ah-xvdev.xnxx.com
attachments.f95zone.to
beta-m.hqporner.com
beta.hqporner.com
cams.xnxx.com
chaturbate.com
checkout.xnxx.com
coomer.su
fastporndelivery.hqporner.com
forum-dev.xnxx.com
forum-dev2.xnxx.com
forum.xnxx.com
forums.xnxx.com
galleries.xnxx.com
gold.xnxx.com
gui.m.xnxx.com
hentai-foundry.com
hqporner.com
img.xnxx.com
img1.xnxx.com
img2.xnxx.com
info-gold.xnxx.com
jokes.xnxx.com
links.xnxx.com
mail.hqporner.com
mail.m.hqporner.com
mail.ns1.hqporner.com
mail.ns2.hqporner.com
mail2.hqporner.com
mail2.ns1.hqporner.com
mail2.ns2.hqporner.com
multi.xnxx.com
multporn.net
nhentai.com
ns2.xnxx.com
o4.sg.xnxx.com
phncdn.com
phncdn.com.sds.rncdn7.com
pics.xnxx.com
playboy.com
poems.xnxx.com
pornhub.com
pornhub.org
pornolab.net
proxy.xnxx.com
reddxxx.com
redgifs.com
rentry.org
rev.xnxx.com
rule34.art
static.xnxx.com
stories.xnxx.com
trade.xnxx.com
video.xnxx.com
videos.xnxx.com
vipergirls.to
www.hqporner.com
www.m.hqporner.com
xhamster.com
xhamsterlive.com
xnxx.com
xv-ru.com
xvideos.com
