acme.xnxx.com
admin.hqporner.com
admin.m.hqporner.com
admin.ns1.hqporner.com
admin.ns2.hqporner.com
ah-xvdev.xnxx.com
assets.strpst.com
attachments.f95zone.to
attachments.f95zone.to
auth.beeg.com
beeg.com
beta-m.hqporner.com
beta-m.hqporner.com
beta.hqporner.com
beta.hqporner.com
cams.xnxx.com
cams.xnxx.com
cdn.reddxxx.com
cdn1d-static-shared.phncdn.com
cdn2.reddxxx.com
cdn3.reddxxx.com
cdn4.reddxxx.com
cdn5.reddxxx.com
cdn6.reddxxx.com
cdn7.reddxxx.com
cdn77-pic.xnxx-cdn.com
cdn77-pic.xvideos-cdn.com
chaturbate.com
checkout.xnxx.com
coomer.su
fastporndelivery.hqporner.com
forum-dev.xnxx.com
forum-dev2.xnxx.com
forum.xnxx.com
forums.xnxx.com
galleries.xnxx.com
gcore-vid.xvideos-cdn.com
go.stripchat.beeg.com
gold.xnxx.com
gui.m.xnxx.com
hentai-foundry.com
hqporner.com
ic-vt-nss.xhcdn.com
img.rule34.xxx
img.strpst.com
img1.xnxx.com
img2.xnxx.com
info-gold.xnxx.com
jokes.xnxx.com
links.xnxx.com
mail.hqporner.com
mail.m.hqporner.com
mail.ns1.hqporner.com
mail.ns2.hqporner.com
mail2.hqporner.com
mail2.ns1.hqporner.com
mail2.ns2.hqporner.com
miami.rule34.xxx
multi.xnxx.com
multporn.net
nhentai.com
ns2.xnxx.com
ny.rule34.xxx
o4.sg.xnxx.com
phncdn.com.sds.rncdn7.com
pics.xnxx.com
plab.site
playboy.com
poems.xnxx.com
pornhub.com
pornhub.org
pornolab.net
previews.externulls.com
proxy.xnxx.com
reddxxx.com
redgifs.com
rentry.org
rev.xnxx.com
rt.pornhub.com
ru.redtube.com
ru.xhamster.com
ru.xhamsterlive.com
rule34.art
rule34.art
rule34.xxx
search.externulls.com
ss.phncdn.com
static-ah.xhcdn.com
static-nss.xhcdn.com
static.pornolab.net
static.xnxx.com
static.xnxx.com
stats.externulls.com
store.externulls.com
stories.xnxx.com
stories.xnxx.com
thumbs.externulls.com
trade.xnxx.com
trade.xnxx.com
us.rule34.xxx
video.externulls.com
video.xnxx.com
videos.xnxx.com
vipergirls.to
www.hqporner.com
www.m.hqporner.com
www.pornhub.com
www.pornolab.net
www.reddxxx.com
www.redgifs.com
www.redtube.com
www.rule34.xxx
www.xhamster.com
www.xhamsterlive.com
www.xnxx-ru.com
www.xnxx-ru.com
www.xnxx.com
www.xv-ru.com
www.xvideos.com
xhamster.com
xhamster.com
xhamsterlive.com
xhamsterlive.com
xnxx-ru.com
xnxx-ru.com
xnxx.com
xv-ru.com
xvideos.com
 