assets.strpst.com
attachments.f95zone.to
auth.beeg.com
beeg.com
cdn.auth0.com
cdn.reddxxx.com
cdn1d-static-shared.phncdn.com
cdn2.reddxxx.com
cdn3.reddxxx.com
cdn4.reddxxx.com
cdn5-186.vsmvideo.com
cdn5-187.vsmvideo.com
cdn5-209.vsmvideo.com
cdn5-249.vsmvideo.com
cdn5.reddxxx.com
cdn6.reddxxx.com
cdn7.reddxxx.com
cdn77-pic.xnxx-cdn.com
cdn77-pic.xvideos-cdn.com
cdn77-vid.xnxx-cdn.com
chaturbate.com
coomer.su
cv-h.phncdn.com
e1v-h.phncdn.com
ei.phncdn.com
ei.rdtcdn.com
ev-ph.rdtcdn.com
fastporndelivery.hqporner.com
gcore-vid.xvideos-cdn.com
go.stripchat.beeg.com
hentai-foundry.com
hk.rule34.xxx
hqporner.com
ic-vt-nss.xhcdn.com
img.rule34.xxx
img.strpst.com
miami.rule34.xxx
multporn.net
nhentai.com
ny.rule34.xxx
phncdn.com.sds.rncdn7.com
plab.site
playboy.com
pornhub.com
pornhub.org
pornolab.net
previews.externulls.com
reddxxx.com
redgifs.com
redtube.com
rentry.org
rt.pornhub.com
ru.redtube.com
ru.xhamster.com
ru.xhamsterlive.com
rule34.art
rule34.xxx
search.externulls.com
ss.phncdn.com
static-ah.xhcdn.com
static-nss.xhcdn.com
static.pornolab.net
stats.externulls.com
store.externulls.com
thumbs.externulls.com
us.rule34.xxx
video.externulls.com
vipergirls.to
vp.externulls.com
vrmedia-nss.xhcdn.com
wimg.rule34.xxx
wstracker.online
www.beeg.com
www.hqporner.com
www.pornhub.com
www.pornolab.net
www.reddxxx.com
www.redgifs.com
www.redtube.com
www.rule34.xxx
www.xhamster.com
www.xhamsterlive.com
www.xnxx-ru.com
www.xnxx.com
www.xv-ru.com
www.xvideos.com
xhamster.com
xhamsterlive.com
xnxx-ru.com
xnxx.co
xnxx.com
xv-ru.com
xvideos.com