1337x.to
abook-club.ru
account.proton.me
account.protonmail.com
aeza.net
akniga.xyz
anticensorship-proxy.antizapret.prostovpn.org
antizapret.prostovpn.org
apola.ru
audioboo.org
blioteka.ru
blockcheck.antizapret.prostovpn.org
bookish.site
booktracker.org
bt.booktracker.work
bt.t-ru.org
bt2.t-ru.org
bt3.t-ru.org
bt4.t-ru.org
cat.abook-club.ru
catalog.abook-club.ru
fast-torrent.ru
filmitorrent.net
gallery.abook-club.ru
images.prismic.io
kinozal.me
mail.aeza.net
mail.proton.me
mail.protonmail.com
mail.rutracker.org
adcal.rutracker.org
aeza.net
anticensorship-proxy.antizapret.prostovpn.org
antizapret.prostovpn.org
api.rutracker.org
audioboo.org
blioteka.ru
blockcheck.antizapret.prostovpn.org
blog.rutracker.org
bookish.site
booktracker.org
bt.booktracker.work
bt.rutracker.org
bt.t-ru.org
bt2.rutracker.org
bt2.t-ru.org
bt3.rutracker.org
bt3.t-ru.org
bt4.rutracker.org
bt4.t-ru.org
cat.abook-club.ru
catalog.abook-club.ru
feed.rutracker.org
filmitorrent.net
gallery.abook-club.ru
generation.rutracker.org
gitlab.rutracker.org
kinozal.me
mail.aeza.net
mail.proton.me
mail.rutracker.org
mx.rutracker.org
newstudio.tv
nnmclub.to
nnmstatic.win
ns1.proton.me
ns2.proton.me
ns3.proton.me
open.stealth.si
prostovpn.org
proton-me.cdn.prismic.io
proton.me
protonmail.com
ns1.rutracker.org
ns2.proton.me
ns2.rutracker.org
ns3.proton.me
open.stealth.si
prostovpn.org
proton.me
proxy-bg.antizapret.prostovpn.org
proxy-fr.antizapret.prostovpn.org
proxy-fr2.antizapret.prostovpn.org
proxy-nossl.antizapret.prostovpn.org
proxy-pl.antizapret.prostovpn.org
proxy-pl2.antizapret.prostovpn.org
proxy-ssl.antizapret.prostovpn.org
proxy.rutracker.org
repo.prostovpn.org
rockblack.su
rustorka.com
rutor.info
rutor.is
rutor.org
rutracker.net
rutracker.org
rutracker.ru
rutracker.wiki
rutrk.org
stat.prostovpn.org
static.rutracker.cc
t-ru.org
thepiratebay.org
torrent.abook-club.ru
torrent.by
torrindex.net
tr.ysagin.top
tr3.ysagin.top
tracker.torrent.eu.org
vpn.antizapret.prostovpn.org
wiki.rutracker.org
wstracker.online
www.1337x.to
www.booktracker.org
www.fast-torrent.ru
www.kinozal.me
www.newstudio.tv
www.nnmclub.to
www.prostovpn.org
www.proton.me
www.protonmail.com
www.bookish.site
www.booktracker.org
www.filmitorrent.net
www.kinozal.me
www.newstudio.tv
www.nnmclub.to
www.nnmstatic.win
www.prostovpn.org
www.rustorka.com
www.rutor.info
www.rutor.is
www.rutor.org
www.rutracker.org
www.rutracker.ru
www.rutracker.wiki
www.rutrk.org
www.thepiratebay.org
www.torrent.abook-club.ru
www.torrent.by
www.t-ru.org
www.thepiratebay.org
www.torrent.abook-club.ru
www.torrent.by
www.torrindex.net
zabbix.rutracker.org