acheron.stream.voidboost.cc
android.prod.cloud.netflix.com
android.prod.ftl.netflix.com
android13.appboot.netflix.com
anteros.stream.voidboost.cc
api-bunny.themoviedb.org
api.tmdb.org
apollo.stream.voidboost.cc
aquila.stream.voidboost.cc
assets.nflxext.com
atlas.stream.voidboost.cc
aurum.stream.voidboost.cc
auth.themoviedb.org
autodiscover.themoviedb.org
baator.stream.voidboost.cc
bbs.stream.voidboost.cc
blog.themoviedb.org
blue.stream.voidboost.cc
bytopia.stream.voidboost.cc
celestia.stream.voidboost.cc
centaurus.stream.voidboost.cc
coliseum.stream.voidboost.cc
consul.stream.voidboost.cc
corvus.stream.voidboost.cc
ddi03.sjc004.ix.nflxvideo.net
ddi04.sjc004.ix.nflxvideo.net
delta.stream.voidboost.cc
developer.themoviedb.org
developers.themoviedb.org
dorama.live
doramalive.ru
doramy.club
druid.stream.voidboost.cc
eclipse.stream.voidboost.cc
elvis.stream.voidboost.cc
elysium.stream.voidboost.cc
explorer.stream.voidboost.cc
falcon.stream.voidboost.cc
fiber.stream.voidboost.cc
files.themoviedb.org
files.tmdb.org
filmix.biz
filmix.fm
flerovium.stream.voidboost.cc
gamma.stream.voidboost.cc
hammer.stream.voidboost.cc
hdrezka.ag
hdrezka.cm
hdrezka.me
hydrus.stream.voidboost.cc
image-bunny.tmdb.org
images.tmdb.org
jointinum.stream.voidboost.cc
jupiter.stream.voidboost.cc
kino.pub
kinobase.org
kinovod.net
kinovod.pro
kinozal.me
kinozal.tv
kurt.stream.voidboost.cc
lacerta.stream.voidboost.cc
limbo.stream.voidboost.cc
lipsium.stream.voidboost.cc
logs.netflix.com
lostfilm.run
lostfilm.tv
lostfilm.win
louvre.stream.voidboost.cc
lutetium.stream.voidboost.cc
lynx.stream.voidboost.cc
maxima.stream.voidboost.cc
media.themoviedb.org
mercury.stream.voidboost.cc
milanium.stream.voidboost.cc
monoceros.stream.voidboost.cc
mystic.stream.voidboost.cc
nailium.stream.voidboost.cc
neon.stream.voidboost.cc
netflix.com.au
netflixdnstest1.com
netflixdnstest10.com
netflixdnstest2.com
netflixdnstest3.com
netflixdnstest4.com
netflixdnstest5.com
netflixdnstest6.com
netflixdnstest7.com
netflixdnstest8.com
netflixdnstest9.com
netflixstudios.com
nexus.stream.voidboost.cc
nika.stream.voidboost.cc
nuceria.stream.voidboost.cc
occ-0-3924-3467.1.nflxso.net
omega.stream.voidboost.cc
osmium.stream.voidboost.cc
ozzy.stream.voidboost.cc
pe.stream.voidboost.cc
pegasus.stream.voidboost.cc
phantom.stream.voidboost.cc
phoenix.stream.voidboost.cc
platinum.stream.voidboost.cc
po12.es02.cdg001.ix.nflxvideo.net
polaris.stream.voidboost.cc
prism.stream.voidboost.cc
privacyportal.onetrust.com
proton.stream.voidboost.cc
pulse.stream.voidboost.cc
push.prod.netflix.com
radium.stream.voidboost.cc
ranger.stream.voidboost.cc
red.stream.voidboost.cc
relax.stream.voidboost.cc
rezka.ag
rezka.my
rezkify.com
sagitta.stream.voidboost.cc
saturn.stream.voidboost.cc
scorpius.stream.voidboost.cc
secret.stream.voidboost.cc
selenium.stream.voidboost.cc
shadow.stream.voidboost.cc
sierra.stream.voidboost.cc
silence.stream.voidboost.cc
skinium.stream.voidboost.cc
skullium.stream.voidboost.cc
srv.voidnetwork.cloud
st.kinobase.org
st.kinovod.net
static.hdrezka.ac
static.hdrezka.ag
static.voidboost.com
statichdrezka.ac
status.themoviedb.org
stream.voidboost.cc
stream.voidboost.in
strontium.stream.voidboost.cc
thallium.stream.voidboost.cc
thumbs.filmix.fm
tornado.stream.voidboost.cc
ununbium.stream.voidboost.cc
venus.stream.voidboost.cc
vespene.stream.voidboost.cc
viking.stream.voidboost.in
web.prod.cloud.netflix.com
web01.stream.voidboost.cc
web02.stream.voidboost.cc
www.dorama.live
www.doramalive.ru
www.doramy.club
www.filmix.biz
www.filmix.fm
www.hdrezka.ag
www.hdrezka.cm
www.kino.pub
www.kinobase.org
www.kinovod.net
www.kinozal.me
www.kinozal.tv
www.lostfilm.run
www.lostfilm.tv
www.lostfilm.win
www.netflix.com
www.rezka.ag
www.serv01001.xyz
www.stream.voidboost.cc
www.themoviedb.org
zeflix.online
zetimage.net
#
