api.service-kp.com
dorama.live
doramalive.ru
doramy.club
fast.com
filmix.biz
filmix.day
filmix.fm
filmix.la
hdrezka.ag
hdrezka.cm
hdrezka.me
image-bunny.tmdb.org
images.tmdb.org
imdb.com
kino.pub
kinobase.org
kinovod.net
kinovod.pro
kinozal.me
kinozal.tv
lostfilm.run
lostfilm.tv
lostfilmtv2.site
netflix.ca
netflix.com
netflix.com.au
netflix.net
netflixdnstest1.com
netflixdnstest10.com
netflixdnstest2.com
netflixdnstest3.com
netflixdnstest4.com
netflixdnstest5.com
netflixdnstest6.com
netflixdnstest7.com
netflixdnstest8.com
netflixdnstest9.com
netflixinvestor.com
netflixstudios.com
netflixtechblog.com
nflxext.com
nflximg.com
nflxsearch.net
nflxvideo.net
onetrust.com
rezka.ag
rezka.my
rezkify.com
sci-hub.se
sci-hub.st
seasonvar.ru
serv01001.xyz
st.kinobase.org
st.kinovod.net
static.hdrezka.ac
static.hdrezka.ag
static.lostfilm.top
static.voidboost.com
statichdrezka.ac
status.themoviedb.org
themoviedb.org
tmdb.org
voidboost.in
www.filmix.biz
www.filmix.fm
www.hdrezka.ag
www.hdrezka.cm
www.kino.pub
www.kinobase.org
www.kinovod.net
www.kinozal.me
www.kinozal.tv
www.lostfilm.run
www.lostfilm.tv
www.rezka.ag
zeflix.online
zetimage.net